// Jest Snapshot v1, https://goo.gl/fbAQLP

exports[`FeedItem should match snapshot 1`] = `
<li
  className="providerList-item"
>
  <a
    href="https://www.harveststatus.com"
  >
    Harvest
  </a>
</li>
`;
